  Camera.cpp
  DirectionalLight.cpp
  GameObject.cpp
  Light.cpp
  main.cpp
C:\Users\menec\Documents\CodingAdventures\GL_Engine\main.cpp(53,19): warning C4244: 'inicializando': conversión de 'double' a 'float'; posible pérdida de datos
  Mesh.cpp
C:\Users\menec\Documents\CodingAdventures\GL_Engine\Mesh.cpp(62,46): warning C4267: 'argumento': conversión de 'size_t' a 'GLsizei'; posible pérdida de datos
  Model.cpp
  PointLight.cpp
  Scene.cpp
  Shader.cpp
  SpotLight.cpp
  stb_image.cpp
  Texture.cpp
  Generando código...
  glad.c
glfw3.lib(init.obj) : warning LNK4099: no se encontró PDB 'glfw3.pdb' con 'glfw3.lib(init.obj)' o en 'C:\Users\menec\Documents\CodingAdventures\GL_Engine\x64\Debug\glfw3.pdb'; se vinculará el objeto sin tener en cuenta información de depuración
glfw3.lib(window.obj) : warning LNK4099: no se encontró PDB 'glfw3.pdb' con 'glfw3.lib(window.obj)' o en 'C:\Users\menec\Documents\CodingAdventures\GL_Engine\x64\Debug\glfw3.pdb'; se vinculará el objeto sin tener en cuenta información de depuración
glfw3.lib(input.obj) : warning LNK4099: no se encontró PDB 'glfw3.pdb' con 'glfw3.lib(input.obj)' o en 'C:\Users\menec\Documents\CodingAdventures\GL_Engine\x64\Debug\glfw3.pdb'; se vinculará el objeto sin tener en cuenta información de depuración
glfw3.lib(context.obj) : warning LNK4099: no se encontró PDB 'glfw3.pdb' con 'glfw3.lib(context.obj)' o en 'C:\Users\menec\Documents\CodingAdventures\GL_Engine\x64\Debug\glfw3.pdb'; se vinculará el objeto sin tener en cuenta información de depuración
glfw3.lib(win32_time.obj) : warning LNK4099: no se encontró PDB 'glfw3.pdb' con 'glfw3.lib(win32_time.obj)' o en 'C:\Users\menec\Documents\CodingAdventures\GL_Engine\x64\Debug\glfw3.pdb'; se vinculará el objeto sin tener en cuenta información de depuración
glfw3.lib(win32_thread.obj) : warning LNK4099: no se encontró PDB 'glfw3.pdb' con 'glfw3.lib(win32_thread.obj)' o en 'C:\Users\menec\Documents\CodingAdventures\GL_Engine\x64\Debug\glfw3.pdb'; se vinculará el objeto sin tener en cuenta información de depuración
glfw3.lib(platform.obj) : warning LNK4099: no se encontró PDB 'glfw3.pdb' con 'glfw3.lib(platform.obj)' o en 'C:\Users\menec\Documents\CodingAdventures\GL_Engine\x64\Debug\glfw3.pdb'; se vinculará el objeto sin tener en cuenta información de depuración
glfw3.lib(monitor.obj) : warning LNK4099: no se encontró PDB 'glfw3.pdb' con 'glfw3.lib(monitor.obj)' o en 'C:\Users\menec\Documents\CodingAdventures\GL_Engine\x64\Debug\glfw3.pdb'; se vinculará el objeto sin tener en cuenta información de depuración
glfw3.lib(vulkan.obj) : warning LNK4099: no se encontró PDB 'glfw3.pdb' con 'glfw3.lib(vulkan.obj)' o en 'C:\Users\menec\Documents\CodingAdventures\GL_Engine\x64\Debug\glfw3.pdb'; se vinculará el objeto sin tener en cuenta información de depuración
glfw3.lib(win32_init.obj) : warning LNK4099: no se encontró PDB 'glfw3.pdb' con 'glfw3.lib(win32_init.obj)' o en 'C:\Users\menec\Documents\CodingAdventures\GL_Engine\x64\Debug\glfw3.pdb'; se vinculará el objeto sin tener en cuenta información de depuración
glfw3.lib(null_init.obj) : warning LNK4099: no se encontró PDB 'glfw3.pdb' con 'glfw3.lib(null_init.obj)' o en 'C:\Users\menec\Documents\CodingAdventures\GL_Engine\x64\Debug\glfw3.pdb'; se vinculará el objeto sin tener en cuenta información de depuración
glfw3.lib(win32_module.obj) : warning LNK4099: no se encontró PDB 'glfw3.pdb' con 'glfw3.lib(win32_module.obj)' o en 'C:\Users\menec\Documents\CodingAdventures\GL_Engine\x64\Debug\glfw3.pdb'; se vinculará el objeto sin tener en cuenta información de depuración
glfw3.lib(win32_monitor.obj) : warning LNK4099: no se encontró PDB 'glfw3.pdb' con 'glfw3.lib(win32_monitor.obj)' o en 'C:\Users\menec\Documents\CodingAdventures\GL_Engine\x64\Debug\glfw3.pdb'; se vinculará el objeto sin tener en cuenta información de depuración
glfw3.lib(win32_window.obj) : warning LNK4099: no se encontró PDB 'glfw3.pdb' con 'glfw3.lib(win32_window.obj)' o en 'C:\Users\menec\Documents\CodingAdventures\GL_Engine\x64\Debug\glfw3.pdb'; se vinculará el objeto sin tener en cuenta información de depuración
glfw3.lib(win32_joystick.obj) : warning LNK4099: no se encontró PDB 'glfw3.pdb' con 'glfw3.lib(win32_joystick.obj)' o en 'C:\Users\menec\Documents\CodingAdventures\GL_Engine\x64\Debug\glfw3.pdb'; se vinculará el objeto sin tener en cuenta información de depuración
glfw3.lib(wgl_context.obj) : warning LNK4099: no se encontró PDB 'glfw3.pdb' con 'glfw3.lib(wgl_context.obj)' o en 'C:\Users\menec\Documents\CodingAdventures\GL_Engine\x64\Debug\glfw3.pdb'; se vinculará el objeto sin tener en cuenta información de depuración
glfw3.lib(egl_context.obj) : warning LNK4099: no se encontró PDB 'glfw3.pdb' con 'glfw3.lib(egl_context.obj)' o en 'C:\Users\menec\Documents\CodingAdventures\GL_Engine\x64\Debug\glfw3.pdb'; se vinculará el objeto sin tener en cuenta información de depuración
glfw3.lib(osmesa_context.obj) : warning LNK4099: no se encontró PDB 'glfw3.pdb' con 'glfw3.lib(osmesa_context.obj)' o en 'C:\Users\menec\Documents\CodingAdventures\GL_Engine\x64\Debug\glfw3.pdb'; se vinculará el objeto sin tener en cuenta información de depuración
glfw3.lib(null_monitor.obj) : warning LNK4099: no se encontró PDB 'glfw3.pdb' con 'glfw3.lib(null_monitor.obj)' o en 'C:\Users\menec\Documents\CodingAdventures\GL_Engine\x64\Debug\glfw3.pdb'; se vinculará el objeto sin tener en cuenta información de depuración
glfw3.lib(null_window.obj) : warning LNK4099: no se encontró PDB 'glfw3.pdb' con 'glfw3.lib(null_window.obj)' o en 'C:\Users\menec\Documents\CodingAdventures\GL_Engine\x64\Debug\glfw3.pdb'; se vinculará el objeto sin tener en cuenta información de depuración
glfw3.lib(null_joystick.obj) : warning LNK4099: no se encontró PDB 'glfw3.pdb' con 'glfw3.lib(null_joystick.obj)' o en 'C:\Users\menec\Documents\CodingAdventures\GL_Engine\x64\Debug\glfw3.pdb'; se vinculará el objeto sin tener en cuenta información de depuración
  GL_Engine.vcxproj -> C:\Users\menec\Documents\CodingAdventures\GL_Engine\x64\Debug\GL_Engine.exe
